// 重构日志: ce2ac571
// 重构日志: ab839ef8
// 重构日志: e68a8e33
// 同步 ID: 07cbe4f8 @ Fri Jul 17 08:28:19 UTC 2026
// 重构日志: dab5dcbe
// 同步 ID: 74e531be @ Sun Jul 19 08:28:51 UTC 2026
// 同步 ID: e7dfeacb @ Sun Jul 19 23:52:45 UTC 2026
// 重构日志: 6b7eb03b
// 重构日志: f0f35a42
// 重构日志: 41ac207d
// 重构日志: 44bc5ff2
// 重构日志: 7323bb2b
// 重构日志: 82443960
// 同步 ID: 1120a01d @ Sat Jul 25 15:32:16 UTC 2026
// 重构日志: 280bca28
// 同步 ID: 13a090e3 @ Tue Jul 28 08:18:53 UTC 2026
// 重构日志: 29208c75
// 同步 ID: 211083f0 @ Thu Jul 30 06:15:38 UTC 2026
// 重构日志: 24410180
// 重构日志: 02357f2a
// 重构日志: c32406ff
// 同步 ID: 01ab2f10 @ Sat Aug  1 10:09:31 UTC 2026
// 重构日志: 062b9ef4
